c:\lasalle 2year\6th tri\3d graphicsprogramming\bongoengine\framework\graphics\x64\debug\graphics.pch
c:\lasalle 2year\6th tri\3d graphicsprogramming\bongoengine\x64\debug\graphics.pdb
c:\lasalle 2year\6th tri\3d graphicsprogramming\bongoengine\x64\debug\graphics.idb
c:\lasalle 2year\6th tri\3d graphicsprogramming\bongoengine\framework\graphics\x64\debug\precompiled.obj
c:\lasalle 2year\6th tri\3d graphicsprogramming\bongoengine\framework\graphics\x64\debug\vertexshader.obj
c:\lasalle 2year\6th tri\3d graphicsprogramming\bongoengine\framework\graphics\x64\debug\texturemanager.obj
c:\lasalle 2year\6th tri\3d graphicsprogramming\bongoengine\framework\graphics\x64\debug\texture.obj
c:\lasalle 2year\6th tri\3d graphicsprogramming\bongoengine\framework\graphics\x64\debug\pixelshader.obj
c:\lasalle 2year\6th tri\3d graphicsprogramming\bongoengine\framework\graphics\x64\debug\meshbuilder.obj
c:\lasalle 2year\6th tri\3d graphicsprogramming\bongoengine\framework\graphics\x64\debug\meshbuffer.obj
c:\lasalle 2year\6th tri\3d graphicsprogramming\bongoengine\framework\graphics\x64\debug\graphicssystem.obj
c:\lasalle 2year\6th tri\3d graphicsprogramming\bongoengine\framework\graphics\x64\debug\constantbuffer.obj
c:\lasalle 2year\6th tri\3d graphicsprogramming\bongoengine\framework\graphics\x64\debug\camera.obj
c:\lasalle 2year\6th tri\3d graphicsprogramming\bongoengine\x64\debug\graphics.lib
c:\lasalle 2year\6th tri\3d graphicsprogramming\bongoengine\framework\graphics\x64\debug\graphics.tlog\cl.command.1.tlog
c:\lasalle 2year\6th tri\3d graphicsprogramming\bongoengine\framework\graphics\x64\debug\graphics.tlog\cl.items.tlog
c:\lasalle 2year\6th tri\3d graphicsprogramming\bongoengine\framework\graphics\x64\debug\graphics.tlog\cl.read.1.tlog
c:\lasalle 2year\6th tri\3d graphicsprogramming\bongoengine\framework\graphics\x64\debug\graphics.tlog\cl.write.1.tlog
c:\lasalle 2year\6th tri\3d graphicsprogramming\bongoengine\framework\graphics\x64\debug\graphics.tlog\lib-link.read.1.tlog
c:\lasalle 2year\6th tri\3d graphicsprogramming\bongoengine\framework\graphics\x64\debug\graphics.tlog\lib-link.write.1.tlog
c:\lasalle 2year\6th tri\3d graphicsprogramming\bongoengine\framework\graphics\x64\debug\graphics.tlog\lib.command.1.tlog
